// Jest Snapshot v1, https://goo.gl/fbAQLP

exports[`tests in <GifItem></GifItem> should be match with snapshot 1`] = `
<div>
  <div
    class="card"
  >
    <img
      alt="i'm title"
      src="https://image.com/"
    />
    <p>
      i'm title
    </p>
  </div>
</div>
`;
